// Jest Snapshot v1, https://goo.gl/fbAQLP

exports[`renders without crashing 1`] = `
<div
  className="MuiGrid-container-1 MuiGrid-spacing-xs-16-24"
>
  <div
    className="MuiGrid-item-2 MuiGrid-grid-xs-12-41"
  >
    <h1
      className="MuiTypography-root-98 MuiTypography-headline-103 MuiTypography-gutterBottom-115"
    >
      Quiz beskrivelse
    </h1>
    <div
      className="MuiFormControl-root-123 MuiFormControl-fullWidth-126"
    >
      <label
        className="MuiFormLabel-root-132 MuiInputLabel-root-127 MuiInputLabel-formControl-128 MuiInputLabel-animated-131"
        data-shrink={false}
        htmlFor="title"
      >
        Titel
      </label>
      <div
        className="MuiInput-root-139 MuiInput-formControl-140 MuiInput-underline-143"
      >
        <input
          aria-invalid={false}
          autoComplete={undefined}
          autoFocus={undefined}
          className="MuiInput-input-147"
          defaultValue={undefined}
          disabled={false}
          id="title"
          name={undefined}
          onBlur={[Function]}
          onChange={[Function]}
          onFocus={[Function]}
          onKeyDown={undefined}
          onKeyUp={undefined}
          placeholder={undefined}
          readOnly={undefined}
          required={false}
          rows={undefined}
          type="text"
          value={undefined}
        />
      </div>
    </div>
    <div
      className="MuiFormControl-root-123 MuiFormControl-fullWidth-126"
    >
      <label
        className="MuiFormLabel-root-132 MuiInputLabel-root-127 MuiInputLabel-formControl-128 MuiInputLabel-animated-131"
        data-shrink={false}
        htmlFor="description"
      >
        Beskrivelse
      </label>
      <div
        className="MuiInput-root-139 MuiInput-formControl-140 MuiInput-underline-143"
      >
        <input
          aria-invalid={false}
          autoComplete={undefined}
          autoFocus={undefined}
          className="MuiInput-input-147"
          defaultValue={undefined}
          disabled={false}
          id="description"
          name={undefined}
          onBlur={[Function]}
          onChange={[Function]}
          onFocus={[Function]}
          onKeyDown={undefined}
          onKeyUp={undefined}
          placeholder={undefined}
          readOnly={undefined}
          required={false}
          rows={undefined}
          type="text"
          value={undefined}
        />
      </div>
    </div>
    <div
      className="MuiFormControl-root-123 MuiFormControl-fullWidth-126"
    >
      <label
        className="MuiFormLabel-root-132 MuiInputLabel-root-127 MuiInputLabel-formControl-128 MuiInputLabel-animated-131"
        data-shrink={false}
        htmlFor="tags"
      >
        Tags
      </label>
      <div
        className="MuiInput-root-139 MuiInput-formControl-140 MuiInput-underline-143"
      >
        <input
          aria-invalid={false}
          autoComplete={undefined}
          autoFocus={undefined}
          className="MuiInput-input-147"
          defaultValue={undefined}
          disabled={false}
          id="tags"
          name={undefined}
          onBlur={[Function]}
          onChange={[Function]}
          onFocus={[Function]}
          onKeyDown={undefined}
          onKeyUp={undefined}
          placeholder={undefined}
          readOnly={undefined}
          required={false}
          rows={undefined}
          type="text"
          value=""
        />
      </div>
    </div>
    <div
      className="MuiFormControl-root-123 MuiFormControl-fullWidth-126"
    >
      <label
        className="MuiFormLabel-root-132 MuiInputLabel-root-127 MuiInputLabel-formControl-128 MuiInputLabel-animated-131"
        data-shrink={false}
        htmlFor="image"
      >
        Grafik (evt. Badge/pokal, hvis ikke som del af afslutning)
      </label>
      <div
        className="MuiInput-root-139 MuiInput-formControl-140 MuiInput-underline-143"
      >
        <input
          aria-invalid={false}
          autoComplete={undefined}
          autoFocus={undefined}
          className="MuiInput-input-147"
          defaultValue={undefined}
          disabled={false}
          id="image"
          name={undefined}
          onBlur={[Function]}
          onChange={[Function]}
          onFocus={[Function]}
          onKeyDown={undefined}
          onKeyUp={undefined}
          placeholder={undefined}
          readOnly={undefined}
          required={false}
          rows={undefined}
          type="text"
          value=""
        />
      </div>
    </div>
  </div>
  <div
    className="MuiGrid-item-2 MuiGrid-grid-xs-12-41"
  >
    <h1
      className="MuiTypography-root-98 MuiTypography-headline-103 MuiTypography-gutterBottom-115"
    >
      Spørgsmål og indhold
    </h1>
    <button
      className="MuiButtonBase-root-178 MuiButton-root-152 MuiButton-text-154 MuiButton-flat-157"
      disabled={false}
      onBlur={[Function]}
      onClick={[Function]}
      onFocus={[Function]}
      onKeyDown={[Function]}
      onKeyUp={[Function]}
      onMouseDown={[Function]}
      onMouseLeave={[Function]}
      onMouseUp={[Function]}
      onTouchEnd={[Function]}
      onTouchMove={[Function]}
      onTouchStart={[Function]}
      tabIndex="0"
      type="button"
    >
      <span
        className="MuiButton-label-153"
      >
        <svg
          aria-hidden="true"
          className="MuiSvgIcon-root-181"
          color={undefined}
          focusable="false"
          viewBox="0 0 24 24"
        >
          <path
            d="M19 13h-6v6h-2v-6H5v-2h6V5h2v6h6v2z"
          />
          <path
            d="M0 0h24v24H0z"
            fill="none"
          />
        </svg>
        Spørgsmål
      </span>
      <span
        className="MuiTouchRipple-root-188"
      />
    </button>
    <button
      className="MuiButtonBase-root-178 MuiButton-root-152 MuiButton-text-154 MuiButton-flat-157"
      disabled={false}
      onBlur={[Function]}
      onClick={[Function]}
      onFocus={[Function]}
      onKeyDown={[Function]}
      onKeyUp={[Function]}
      onMouseDown={[Function]}
      onMouseLeave={[Function]}
      onMouseUp={[Function]}
      onTouchEnd={[Function]}
      onTouchMove={[Function]}
      onTouchStart={[Function]}
      tabIndex="0"
      type="button"
    >
      <span
        className="MuiButton-label-153"
      >
        <svg
          aria-hidden="true"
          className="MuiSvgIcon-root-181"
          color={undefined}
          focusable="false"
          viewBox="0 0 24 24"
        >
          <path
            d="M19 13h-6v6h-2v-6H5v-2h6V5h2v6h6v2z"
          />
          <path
            d="M0 0h24v24H0z"
            fill="none"
          />
        </svg>
         Beskrivelse, såsom intro-tekst
      </span>
      <span
        className="MuiTouchRipple-root-188"
      />
    </button>
    <div />
  </div>
  <div
    className="MuiGrid-item-2 MuiGrid-grid-xs-12-41"
  >
    <h1
      className="MuiTypography-root-98 MuiTypography-headline-103 MuiTypography-gutterBottom-115"
    >
      Udseende
    </h1>
    <div
      className="MuiFormControl-root-123 MuiFormControl-fullWidth-126"
    >
      <label
        className="MuiFormLabel-root-132 MuiInputLabel-root-127 MuiInputLabel-formControl-128 MuiInputLabel-animated-131"
        data-shrink={false}
        htmlFor="backgroundImage"
      >
        Baggrundsgrafik (til ramme, foreløbigt blot url)
      </label>
      <div
        className="MuiInput-root-139 MuiInput-formControl-140 MuiInput-underline-143"
      >
        <input
          aria-invalid={false}
          autoComplete={undefined}
          autoFocus={undefined}
          className="MuiInput-input-147"
          defaultValue={undefined}
          disabled={false}
          id="backgroundImage"
          name={undefined}
          onBlur={[Function]}
          onChange={[Function]}
          onFocus={[Function]}
          onKeyDown={undefined}
          onKeyUp={undefined}
          placeholder={undefined}
          readOnly={undefined}
          required={false}
          rows={undefined}
          type="text"
          value=""
        />
      </div>
    </div>
    <h2
      className="MuiTypography-root-98 MuiTypography-title-104 MuiTypography-gutterBottom-115"
    >
      Spørgsmåls-knapper
    </h2>
    <div
      className="MuiGrid-container-1 MuiGrid-spacing-xs-16-24"
    >
      <div
        className="MuiGrid-item-2"
      >
        Fontfarve 
        <br />
        <div
          className="chrome-picker "
          style={
            Object {
              "MozBorderRadius": "2px",
              "MozBoxShadow": "0 0 2px rgba(0,0,0,.3), 0 4px 8px rgba(0,0,0,.3)",
              "OBorderRadius": "2px",
              "OBoxShadow": "0 0 2px rgba(0,0,0,.3), 0 4px 8px rgba(0,0,0,.3)",
              "WebkitBorderRadius": "2px",
              "WebkitBoxShadow": "0 0 2px rgba(0,0,0,.3), 0 4px 8px rgba(0,0,0,.3)",
              "background": "#fff",
              "borderRadius": "2px",
              "boxShadow": "0 0 2px rgba(0,0,0,.3), 0 4px 8px rgba(0,0,0,.3)",
              "boxSizing": "initial",
              "fontFamily": "Menlo",
              "msBorderRadius": "2px",
              "msBoxShadow": "0 0 2px rgba(0,0,0,.3), 0 4px 8px rgba(0,0,0,.3)",
              "width": "225px",
            }
          }
        >
          <div
            style={
              Object {
                "MozBorderRadius": "2px 2px 0 0",
                "OBorderRadius": "2px 2px 0 0",
                "WebkitBorderRadius": "2px 2px 0 0",
                "borderRadius": "2px 2px 0 0",
                "msBorderRadius": "2px 2px 0 0",
                "overflow": "hidden",
                "paddingBottom": "55%",
                "position": "relative",
                "width": "100%",
              }
            }
          >
            <div
              onMouseDown={[Function]}
              onTouchMove={[Function]}
              onTouchStart={[Function]}
              style={
                Object {
                  "MozBorderRadius": undefined,
                  "OBorderRadius": undefined,
                  "WebkitBorderRadius": undefined,
                  "background": "hsl(0,100%, 50%)",
                  "borderRadius": undefined,
                  "bottom": "0px",
                  "left": "0px",
                  "msBorderRadius": undefined,
                  "position": "absolute",
                  "right": "0px",
                  "top": "0px",
                }
              }
            >
              <style>
                
                          .saturation-white {
                            background: -webkit-linear-gradient(to right, #fff, rgba(255,255,255,0));
                            background: linear-gradient(to right, #fff, rgba(255,255,255,0));
                          }
                          .saturation-black {
                            background: -webkit-linear-gradient(to top, #000, rgba(0,0,0,0));
                            background: linear-gradient(to top, #000, rgba(0,0,0,0));
                          }
                        
              </style>
              <div
                className="saturation-white"
                style={
                  Object {
                    "MozBorderRadius": undefined,
                    "OBorderRadius": undefined,
                    "WebkitBorderRadius": undefined,
                    "borderRadius": undefined,
                    "bottom": "0px",
                    "left": "0px",
                    "msBorderRadius": undefined,
                    "position": "absolute",
                    "right": "0px",
                    "top": "0px",
                  }
                }
              >
                <div
                  className="saturation-black"
                  style={
                    Object {
                      "MozBorderRadius": undefined,
                      "MozBoxShadow": undefined,
                      "OBorderRadius": undefined,
                      "OBoxShadow": undefined,
                      "WebkitBorderRadius": undefined,
                      "WebkitBoxShadow": undefined,
                      "borderRadius": undefined,
                      "bottom": "0px",
                      "boxShadow": undefined,
                      "left": "0px",
                      "msBorderRadius": undefined,
                      "msBoxShadow": undefined,
                      "position": "absolute",
                      "right": "0px",
                      "top": "0px",
                    }
                  }
                />
                <div
                  style={
                    Object {
                      "cursor": "default",
                      "left": "0%",
                      "position": "absolute",
                      "top": "20%",
                    }
                  }
                >
                  <div
                    style={
                      Object {
                        "MozBorderRadius": "6px",
                        "MozBoxShadow": "inset 0 0 0 1px #fff",
                        "MozTransform": "translate(-6px, -6px)",
                        "OBorderRadius": "6px",
                        "OBoxShadow": "inset 0 0 0 1px #fff",
                        "OTransform": "translate(-6px, -6px)",
                        "WebkitBorderRadius": "6px",
                        "WebkitBoxShadow": "inset 0 0 0 1px #fff",
                        "WebkitTransform": "translate(-6px, -6px)",
                        "borderRadius": "6px",
                        "boxShadow": "inset 0 0 0 1px #fff",
                        "height": "12px",
                        "msBorderRadius": "6px",
                        "msBoxShadow": "inset 0 0 0 1px #fff",
                        "msTransform": "translate(-6px, -6px)",
                        "transform": "translate(-6px, -6px)",
                        "width": "12px",
                      }
                    }
                  />
                </div>
              </div>
            </div>
          </div>
          <div
            style={
              Object {
                "padding": "16px 16px 12px",
              }
            }
          >
            <div
              className="flexbox-fix"
              style={
                Object {
                  "display": "flex",
                }
              }
            >
              <div
                style={
                  Object {
                    "width": "22px",
                  }
                }
              >
                <div
                  style={
                    Object {
                      "MozBorderRadius": "8px",
                      "OBorderRadius": "8px",
                      "WebkitBorderRadius": "8px",
                      "borderRadius": "8px",
                      "height": "10px",
                      "marginTop": "0px",
                      "msBorderRadius": "8px",
                      "overflow": "hidden",
                      "position": "relative",
                      "width": "10px",
                    }
                  }
                >
                  <div
                    style={
                      Object {
                        "MozBorderRadius": "8px",
                        "MozBoxShadow": "inset 0 0 0 1px rgba(0,0,0,.1)",
                        "OBorderRadius": "8px",
                        "OBoxShadow": "inset 0 0 0 1px rgba(0,0,0,.1)",
                        "WebkitBorderRadius": "8px",
                        "WebkitBoxShadow": "inset 0 0 0 1px rgba(0,0,0,.1)",
                        "background": "rgba(204, 204, 204, 1)",
                        "borderRadius": "8px",
                        "bottom": "0px",
                        "boxShadow": "inset 0 0 0 1px rgba(0,0,0,.1)",
                        "left": "0px",
                        "msBorderRadius": "8px",
                        "msBoxShadow": "inset 0 0 0 1px rgba(0,0,0,.1)",
                        "position": "absolute",
                        "right": "0px",
                        "top": "0px",
                        "zIndex": "2",
                      }
                    }
                  />
                  <div
                    style={
                      Object {
                        "MozBorderRadius": undefined,
                        "MozBoxShadow": undefined,
                        "OBorderRadius": undefined,
                        "OBoxShadow": undefined,
                        "WebkitBorderRadius": undefined,
                        "WebkitBoxShadow": undefined,
                        "background": "url(null) center left",
                        "borderRadius": undefined,
                        "bottom": "0px",
                        "boxShadow": undefined,
                        "left": "0px",
                        "msBorderRadius": undefined,
                        "msBoxShadow": undefined,
                        "position": "absolute",
                        "right": "0px",
                        "top": "0px",
                      }
                    }
                  />
                </div>
              </div>
              <div
                style={
                  Object {
                    "MozBoxFlex": "1",
                    "WebkitBoxFlex": "1",
                    "WebkitFlex": "1",
                    "flex": "1",
                    "msFlex": "1",
                  }
                }
              >
                <div
                  style={
                    Object {
                      "height": "10px",
                      "marginBottom": "0px",
                      "position": "relative",
                    }
                  }
                >
                  <div
                    style={
                      Object {
                        "MozBorderRadius": undefined,
                        "MozBoxShadow": undefined,
                        "OBorderRadius": undefined,
                        "OBoxShadow": undefined,
                        "WebkitBorderRadius": undefined,
                        "WebkitBoxShadow": undefined,
                        "borderRadius": undefined,
                        "bottom": "0px",
                        "boxShadow": undefined,
                        "left": "0px",
                        "msBorderRadius": undefined,
                        "msBoxShadow": undefined,
                        "position": "absolute",
                        "right": "0px",
                        "top": "0px",
                      }
                    }
                  >
                    <div
                      className="hue-horizontal"
                      onMouseDown={[Function]}
                      onTouchMove={[Function]}
                      onTouchStart={[Function]}
                      style={
                        Object {
                          "MozBorderRadius": undefined,
                          "OBorderRadius": undefined,
                          "WebkitBorderRadius": undefined,
                          "borderRadius": undefined,
                          "height": "100%",
                          "msBorderRadius": undefined,
                          "padding": "0 2px",
                          "position": "relative",
                        }
                      }
                    >
                      <style>
                        
                                    .hue-horizontal {
                                      background: linear-gradient(to right, #f00 0%, #ff0 17%, #0f0
                                        33%, #0ff 50%, #00f 67%, #f0f 83%, #f00 100%);
                                      background: -webkit-linear-gradient(to right, #f00 0%, #ff0
                                        17%, #0f0 33%, #0ff 50%, #00f 67%, #f0f 83%, #f00 100%);
                                    }
                        
                                    .hue-vertical {
                                      background: linear-gradient(to top, #f00 0%, #ff0 17%, #0f0 33%,
                                        #0ff 50%, #00f 67%, #f0f 83%, #f00 100%);
                                      background: -webkit-linear-gradient(to top, #f00 0%, #ff0 17%,
                                        #0f0 33%, #0ff 50%, #00f 67%, #f0f 83%, #f00 100%);
                                    }
                                  
                      </style>
                      <div
                        style={
                          Object {
                            "left": "0%",
                            "position": "absolute",
                          }
                        }
                      >
                        <div
                          style={
                            Object {
                              "MozBorderRadius": "6px",
                              "MozBoxShadow": "0 1px 4px 0 rgba(0, 0, 0, 0.37)",
                              "MozTransform": "translate(-6px, -1px)",
                              "OBorderRadius": "6px",
                              "OBoxShadow": "0 1px 4px 0 rgba(0, 0, 0, 0.37)",
                              "OTransform": "translate(-6px, -1px)",
                              "WebkitBorderRadius": "6px",
                              "WebkitBoxShadow": "0 1px 4px 0 rgba(0, 0, 0, 0.37)",
                              "WebkitTransform": "translate(-6px, -1px)",
                              "backgroundColor": "rgb(248, 248, 248)",
                              "borderRadius": "6px",
                              "boxShadow": "0 1px 4px 0 rgba(0, 0, 0, 0.37)",
                              "height": "12px",
                              "msBorderRadius": "6px",
                              "msBoxShadow": "0 1px 4px 0 rgba(0, 0, 0, 0.37)",
                              "msTransform": "translate(-6px, -1px)",
                              "transform": "translate(-6px, -1px)",
                              "width": "12px",
                            }
                          }
                        />
                      </div>
                    </div>
                  </div>
                </div>
                <div
                  style={
                    Object {
                      "display": "none",
                      "height": "10px",
                      "position": "relative",
                    }
                  }
                >
                  <div
                    style={
                      Object {
                        "MozBorderRadius": undefined,
                        "OBorderRadius": undefined,
                        "WebkitBorderRadius": undefined,
                        "borderRadius": undefined,
                        "bottom": "0px",
                        "left": "0px",
                        "msBorderRadius": undefined,
                        "position": "absolute",
                        "right": "0px",
                        "top": "0px",
                      }
                    }
                  >
                    <div
                      style={
                        Object {
                          "MozBorderRadius": undefined,
                          "OBorderRadius": undefined,
                          "WebkitBorderRadius": undefined,
                          "borderRadius": undefined,
                          "bottom": "0px",
                          "left": "0px",
                          "msBorderRadius": undefined,
                          "overflow": "hidden",
                          "position": "absolute",
                          "right": "0px",
                          "top": "0px",
                        }
                      }
                    >
                      <div
                        style={
                          Object {
                            "MozBorderRadius": undefined,
                            "MozBoxShadow": undefined,
                            "OBorderRadius": undefined,
                            "OBoxShadow": undefined,
                            "WebkitBorderRadius": undefined,
                            "WebkitBoxShadow": undefined,
                            "background": "url(null) center left",
                            "borderRadius": undefined,
                            "bottom": "0px",
                            "boxShadow": undefined,
                            "left": "0px",
                            "msBorderRadius": undefined,
                            "msBoxShadow": undefined,
                            "position": "absolute",
                            "right": "0px",
                            "top": "0px",
                          }
                        }
                      />
                    </div>
                    <div
                      style={
                        Object {
                          "MozBorderRadius": undefined,
                          "MozBoxShadow": undefined,
                          "OBorderRadius": undefined,
                          "OBoxShadow": undefined,
                          "WebkitBorderRadius": undefined,
                          "WebkitBoxShadow": undefined,
                          "background": "linear-gradient(to right, rgba(204,204,204, 0) 0%,
                                   rgba(204,204,204, 1) 100%)",
                          "borderRadius": undefined,
                          "bottom": "0px",
                          "boxShadow": undefined,
                          "left": "0px",
                          "msBorderRadius": undefined,
                          "msBoxShadow": undefined,
                          "position": "absolute",
                          "right": "0px",
                          "top": "0px",
                        }
                      }
                    />
                    <div
                      onMouseDown={[Function]}
                      onTouchMove={[Function]}
                      onTouchStart={[Function]}
                      style={
                        Object {
                          "height": "100%",
                          "margin": "0 3px",
                          "position": "relative",
                        }
                      }
                    >
                      <div
                        style={
                          Object {
                            "left": "100%",
                            "position": "absolute",
                          }
                        }
                      >
                        <div
                          style={
                            Object {
                              "MozBorderRadius": "6px",
                              "MozBoxShadow": "0 1px 4px 0 rgba(0, 0, 0, 0.37)",
                              "MozTransform": "translate(-6px, -1px)",
                              "OBorderRadius": "6px",
                              "OBoxShadow": "0 1px 4px 0 rgba(0, 0, 0, 0.37)",
                              "OTransform": "translate(-6px, -1px)",
                              "WebkitBorderRadius": "6px",
                              "WebkitBoxShadow": "0 1px 4px 0 rgba(0, 0, 0, 0.37)",
                              "WebkitTransform": "translate(-6px, -1px)",
                              "backgroundColor": "rgb(248, 248, 248)",
                              "borderRadius": "6px",
                              "boxShadow": "0 1px 4px 0 rgba(0, 0, 0, 0.37)",
                              "height": "12px",
                              "msBorderRadius": "6px",
                              "msBoxShadow": "0 1px 4px 0 rgba(0, 0, 0, 0.37)",
                              "msTransform": "translate(-6px, -1px)",
                              "transform": "translate(-6px, -1px)",
                              "width": "12px",
                            }
                          }
                        />
                      </div>
                    </div>
                  </div>
                </div>
              </div>
            </div>
            <div
              className="flexbox-fix"
              style={
                Object {
                  "display": "flex",
                  "paddingTop": "16px",
                }
              }
            >
              <div
                className="flexbox-fix"
                style={
                  Object {
                    "MozBoxFlex": "1",
                    "WebkitBoxFlex": "1",
                    "WebkitFlex": "1",
                    "display": "flex",
                    "flex": "1",
                    "marginLeft": "-6px",
                    "msFlex": "1",
                  }
                }
              >
                <div
                  style={
                    Object {
                      "paddingLeft": "6px",
                      "width": "100%",
                    }
                  }
                >
                  <div
                    style={
                      Object {
                        "position": "relative",
                      }
                    }
                  >
                    <input
                      onBlur={[Function]}
                      onChange={[Function]}
                      onKeyDown={[Function]}
                      placeholder={undefined}
                      spellCheck="false"
                      style={
                        Object {
                          "MozBorderRadius": "2px",
                          "MozBoxShadow": "inset 0 0 0 1px #dadada",
                          "OBorderRadius": "2px",
                          "OBoxShadow": "inset 0 0 0 1px #dadada",
                          "WebkitBorderRadius": "2px",
                          "WebkitBoxShadow": "inset 0 0 0 1px #dadada",
                          "border": "none",
                          "borderRadius": "2px",
                          "boxShadow": "inset 0 0 0 1px #dadada",
                          "color": "#333",
                          "fontSize": "11px",
                          "height": "21px",
                          "msBorderRadius": "2px",
                          "msBoxShadow": "inset 0 0 0 1px #dadada",
                          "textAlign": "center",
                          "width": "100%",
                        }
                      }
                      value="#CCCCCC"
                    />
                    <span
                      onMouseDown={[Function]}
                      style={
                        Object {
                          "color": "#969696",
                          "display": "block",
                          "fontSize": "11px",
                          "lineHeight": "11px",
                          "marginTop": "12px",
                          "textAlign": "center",
                          "textTransform": "uppercase",
                        }
                      }
                    >
                      hex
                    </span>
                  </div>
                </div>
              </div>
              <div
                style={
                  Object {
                    "position": "relative",
                    "textAlign": "right",
                    "width": "32px",
                  }
                }
              >
                <div
                  onClick={[Function]}
                  style={
                    Object {
                      "cursor": "pointer",
                      "marginRight": "-4px",
                      "marginTop": "12px",
                      "position": "relative",
                    }
                  }
                >
                  <svg
                    onMouseEnter={[Function]}
                    onMouseOut={[Function]}
                    onMouseOver={[Function]}
                    style={
                      Object {
                        "MozBorderRadius": "5px",
                        "OBorderRadius": "5px",
                        "WebkitBorderRadius": "5px",
                        "border": "1px transparent solid",
                        "borderRadius": "5px",
                        "height": "24px",
                        "msBorderRadius": "5px",
                        "width": "24px",
                      }
                    }
                    viewBox="0 0 24 24"
                  >
                    <path
                      d="M12,5.83L15.17,9L16.58,7.59L12,3L7.41,7.59L8.83,9L12,5.83Z"
                      fill="#333"
                    />
                    <path
                      d="M12,18.17L8.83,15L7.42,16.41L12,21L16.59,16.41L15.17,15Z"
                      fill="#333"
                    />
                  </svg>
                </div>
              </div>
            </div>
          </div>
        </div>
      </div>
      <div
        className="MuiGrid-item-2"
      >
        Baggrundsfarve 
        <br />
        <div
          className="chrome-picker "
          style={
            Object {
              "MozBorderRadius": "2px",
              "MozBoxShadow": "0 0 2px rgba(0,0,0,.3), 0 4px 8px rgba(0,0,0,.3)",
              "OBorderRadius": "2px",
              "OBoxShadow": "0 0 2px rgba(0,0,0,.3), 0 4px 8px rgba(0,0,0,.3)",
              "WebkitBorderRadius": "2px",
              "WebkitBoxShadow": "0 0 2px rgba(0,0,0,.3), 0 4px 8px rgba(0,0,0,.3)",
              "background": "#fff",
              "borderRadius": "2px",
              "boxShadow": "0 0 2px rgba(0,0,0,.3), 0 4px 8px rgba(0,0,0,.3)",
              "boxSizing": "initial",
              "fontFamily": "Menlo",
              "msBorderRadius": "2px",
              "msBoxShadow": "0 0 2px rgba(0,0,0,.3), 0 4px 8px rgba(0,0,0,.3)",
              "width": "225px",
            }
          }
        >
          <div
            style={
              Object {
                "MozBorderRadius": "2px 2px 0 0",
                "OBorderRadius": "2px 2px 0 0",
                "WebkitBorderRadius": "2px 2px 0 0",
                "borderRadius": "2px 2px 0 0",
                "msBorderRadius": "2px 2px 0 0",
                "overflow": "hidden",
                "paddingBottom": "55%",
                "position": "relative",
                "width": "100%",
              }
            }
          >
            <div
              onMouseDown={[Function]}
              onTouchMove={[Function]}
              onTouchStart={[Function]}
              style={
                Object {
                  "MozBorderRadius": undefined,
                  "OBorderRadius": undefined,
                  "WebkitBorderRadius": undefined,
                  "background": "hsl(0,100%, 50%)",
                  "borderRadius": undefined,
                  "bottom": "0px",
                  "left": "0px",
                  "msBorderRadius": undefined,
                  "position": "absolute",
                  "right": "0px",
                  "top": "0px",
                }
              }
            >
              <style>
                
                          .saturation-white {
                            background: -webkit-linear-gradient(to right, #fff, rgba(255,255,255,0));
                            background: linear-gradient(to right, #fff, rgba(255,255,255,0));
                          }
                          .saturation-black {
                            background: -webkit-linear-gradient(to top, #000, rgba(0,0,0,0));
                            background: linear-gradient(to top, #000, rgba(0,0,0,0));
                          }
                        
              </style>
              <div
                className="saturation-white"
                style={
                  Object {
                    "MozBorderRadius": undefined,
                    "OBorderRadius": undefined,
                    "WebkitBorderRadius": undefined,
                    "borderRadius": undefined,
                    "bottom": "0px",
                    "left": "0px",
                    "msBorderRadius": undefined,
                    "position": "absolute",
                    "right": "0px",
                    "top": "0px",
                  }
                }
              >
                <div
                  className="saturation-black"
                  style={
                    Object {
                      "MozBorderRadius": undefined,
                      "MozBoxShadow": undefined,
                      "OBorderRadius": undefined,
                      "OBoxShadow": undefined,
                      "WebkitBorderRadius": undefined,
                      "WebkitBoxShadow": undefined,
                      "borderRadius": undefined,
                      "bottom": "0px",
                      "boxShadow": undefined,
                      "left": "0px",
                      "msBorderRadius": undefined,
                      "msBoxShadow": undefined,
                      "position": "absolute",
                      "right": "0px",
                      "top": "0px",
                    }
                  }
                />
                <div
                  style={
                    Object {
                      "cursor": "default",
                      "left": "0%",
                      "position": "absolute",
                      "top": "20%",
                    }
                  }
                >
                  <div
                    style={
                      Object {
                        "MozBorderRadius": "6px",
                        "MozBoxShadow": "inset 0 0 0 1px #fff",
                        "MozTransform": "translate(-6px, -6px)",
                        "OBorderRadius": "6px",
                        "OBoxShadow": "inset 0 0 0 1px #fff",
                        "OTransform": "translate(-6px, -6px)",
                        "WebkitBorderRadius": "6px",
                        "WebkitBoxShadow": "inset 0 0 0 1px #fff",
                        "WebkitTransform": "translate(-6px, -6px)",
                        "borderRadius": "6px",
                        "boxShadow": "inset 0 0 0 1px #fff",
                        "height": "12px",
                        "msBorderRadius": "6px",
                        "msBoxShadow": "inset 0 0 0 1px #fff",
                        "msTransform": "translate(-6px, -6px)",
                        "transform": "translate(-6px, -6px)",
                        "width": "12px",
                      }
                    }
                  />
                </div>
              </div>
            </div>
          </div>
          <div
            style={
              Object {
                "padding": "16px 16px 12px",
              }
            }
          >
            <div
              className="flexbox-fix"
              style={
                Object {
                  "display": "flex",
                }
              }
            >
              <div
                style={
                  Object {
                    "width": "22px",
                  }
                }
              >
                <div
                  style={
                    Object {
                      "MozBorderRadius": "8px",
                      "OBorderRadius": "8px",
                      "WebkitBorderRadius": "8px",
                      "borderRadius": "8px",
                      "height": "10px",
                      "marginTop": "0px",
                      "msBorderRadius": "8px",
                      "overflow": "hidden",
                      "position": "relative",
                      "width": "10px",
                    }
                  }
                >
                  <div
                    style={
                      Object {
                        "MozBorderRadius": "8px",
                        "MozBoxShadow": "inset 0 0 0 1px rgba(0,0,0,.1)",
                        "OBorderRadius": "8px",
                        "OBoxShadow": "inset 0 0 0 1px rgba(0,0,0,.1)",
                        "WebkitBorderRadius": "8px",
                        "WebkitBoxShadow": "inset 0 0 0 1px rgba(0,0,0,.1)",
                        "background": "rgba(204, 204, 204, 1)",
                        "borderRadius": "8px",
                        "bottom": "0px",
                        "boxShadow": "inset 0 0 0 1px rgba(0,0,0,.1)",
                        "left": "0px",
                        "msBorderRadius": "8px",
                        "msBoxShadow": "inset 0 0 0 1px rgba(0,0,0,.1)",
                        "position": "absolute",
                        "right": "0px",
                        "top": "0px",
                        "zIndex": "2",
                      }
                    }
                  />
                  <div
                    style={
                      Object {
                        "MozBorderRadius": undefined,
                        "MozBoxShadow": undefined,
                        "OBorderRadius": undefined,
                        "OBoxShadow": undefined,
                        "WebkitBorderRadius": undefined,
                        "WebkitBoxShadow": undefined,
                        "background": "url(null) center left",
                        "borderRadius": undefined,
                        "bottom": "0px",
                        "boxShadow": undefined,
                        "left": "0px",
                        "msBorderRadius": undefined,
                        "msBoxShadow": undefined,
                        "position": "absolute",
                        "right": "0px",
                        "top": "0px",
                      }
                    }
                  />
                </div>
              </div>
              <div
                style={
                  Object {
                    "MozBoxFlex": "1",
                    "WebkitBoxFlex": "1",
                    "WebkitFlex": "1",
                    "flex": "1",
                    "msFlex": "1",
                  }
                }
              >
                <div
                  style={
                    Object {
                      "height": "10px",
                      "marginBottom": "0px",
                      "position": "relative",
                    }
                  }
                >
                  <div
                    style={
                      Object {
                        "MozBorderRadius": undefined,
                        "MozBoxShadow": undefined,
                        "OBorderRadius": undefined,
                        "OBoxShadow": undefined,
                        "WebkitBorderRadius": undefined,
                        "WebkitBoxShadow": undefined,
                        "borderRadius": undefined,
                        "bottom": "0px",
                        "boxShadow": undefined,
                        "left": "0px",
                        "msBorderRadius": undefined,
                        "msBoxShadow": undefined,
                        "position": "absolute",
                        "right": "0px",
                        "top": "0px",
                      }
                    }
                  >
                    <div
                      className="hue-horizontal"
                      onMouseDown={[Function]}
                      onTouchMove={[Function]}
                      onTouchStart={[Function]}
                      style={
                        Object {
                          "MozBorderRadius": undefined,
                          "OBorderRadius": undefined,
                          "WebkitBorderRadius": undefined,
                          "borderRadius": undefined,
                          "height": "100%",
                          "msBorderRadius": undefined,
                          "padding": "0 2px",
                          "position": "relative",
                        }
                      }
                    >
                      <style>
                        
                                    .hue-horizontal {
                                      background: linear-gradient(to right, #f00 0%, #ff0 17%, #0f0
                                        33%, #0ff 50%, #00f 67%, #f0f 83%, #f00 100%);
                                      background: -webkit-linear-gradient(to right, #f00 0%, #ff0
                                        17%, #0f0 33%, #0ff 50%, #00f 67%, #f0f 83%, #f00 100%);
                                    }
                        
                                    .hue-vertical {
                                      background: linear-gradient(to top, #f00 0%, #ff0 17%, #0f0 33%,
                                        #0ff 50%, #00f 67%, #f0f 83%, #f00 100%);
                                      background: -webkit-linear-gradient(to top, #f00 0%, #ff0 17%,
                                        #0f0 33%, #0ff 50%, #00f 67%, #f0f 83%, #f00 100%);
                                    }
                                  
                      </style>
                      <div
                        style={
                          Object {
                            "left": "0%",
                            "position": "absolute",
                          }
                        }
                      >
                        <div
                          style={
                            Object {
                              "MozBorderRadius": "6px",
                              "MozBoxShadow": "0 1px 4px 0 rgba(0, 0, 0, 0.37)",
                              "MozTransform": "translate(-6px, -1px)",
                              "OBorderRadius": "6px",
                              "OBoxShadow": "0 1px 4px 0 rgba(0, 0, 0, 0.37)",
                              "OTransform": "translate(-6px, -1px)",
                              "WebkitBorderRadius": "6px",
                              "WebkitBoxShadow": "0 1px 4px 0 rgba(0, 0, 0, 0.37)",
                              "WebkitTransform": "translate(-6px, -1px)",
                              "backgroundColor": "rgb(248, 248, 248)",
                              "borderRadius": "6px",
                              "boxShadow": "0 1px 4px 0 rgba(0, 0, 0, 0.37)",
                              "height": "12px",
                              "msBorderRadius": "6px",
                              "msBoxShadow": "0 1px 4px 0 rgba(0, 0, 0, 0.37)",
                              "msTransform": "translate(-6px, -1px)",
                              "transform": "translate(-6px, -1px)",
                              "width": "12px",
                            }
                          }
                        />
                      </div>
                    </div>
                  </div>
                </div>
                <div
                  style={
                    Object {
                      "display": "none",
                      "height": "10px",
                      "position": "relative",
                    }
                  }
                >
                  <div
                    style={
                      Object {
                        "MozBorderRadius": undefined,
                        "OBorderRadius": undefined,
                        "WebkitBorderRadius": undefined,
                        "borderRadius": undefined,
                        "bottom": "0px",
                        "left": "0px",
                        "msBorderRadius": undefined,
                        "position": "absolute",
                        "right": "0px",
                        "top": "0px",
                      }
                    }
                  >
                    <div
                      style={
                        Object {
                          "MozBorderRadius": undefined,
                          "OBorderRadius": undefined,
                          "WebkitBorderRadius": undefined,
                          "borderRadius": undefined,
                          "bottom": "0px",
                          "left": "0px",
                          "msBorderRadius": undefined,
                          "overflow": "hidden",
                          "position": "absolute",
                          "right": "0px",
                          "top": "0px",
                        }
                      }
                    >
                      <div
                        style={
                          Object {
                            "MozBorderRadius": undefined,
                            "MozBoxShadow": undefined,
                            "OBorderRadius": undefined,
                            "OBoxShadow": undefined,
                            "WebkitBorderRadius": undefined,
                            "WebkitBoxShadow": undefined,
                            "background": "url(null) center left",
                            "borderRadius": undefined,
                            "bottom": "0px",
                            "boxShadow": undefined,
                            "left": "0px",
                            "msBorderRadius": undefined,
                            "msBoxShadow": undefined,
                            "position": "absolute",
                            "right": "0px",
                            "top": "0px",
                          }
                        }
                      />
                    </div>
                    <div
                      style={
                        Object {
                          "MozBorderRadius": undefined,
                          "MozBoxShadow": undefined,
                          "OBorderRadius": undefined,
                          "OBoxShadow": undefined,
                          "WebkitBorderRadius": undefined,
                          "WebkitBoxShadow": undefined,
                          "background": "linear-gradient(to right, rgba(204,204,204, 0) 0%,
                                   rgba(204,204,204, 1) 100%)",
                          "borderRadius": undefined,
                          "bottom": "0px",
                          "boxShadow": undefined,
                          "left": "0px",
                          "msBorderRadius": undefined,
                          "msBoxShadow": undefined,
                          "position": "absolute",
                          "right": "0px",
                          "top": "0px",
                        }
                      }
                    />
                    <div
                      onMouseDown={[Function]}
                      onTouchMove={[Function]}
                      onTouchStart={[Function]}
                      style={
                        Object {
                          "height": "100%",
                          "margin": "0 3px",
                          "position": "relative",
                        }
                      }
                    >
                      <div
                        style={
                          Object {
                            "left": "100%",
                            "position": "absolute",
                          }
                        }
                      >
                        <div
                          style={
                            Object {
                              "MozBorderRadius": "6px",
                              "MozBoxShadow": "0 1px 4px 0 rgba(0, 0, 0, 0.37)",
                              "MozTransform": "translate(-6px, -1px)",
                              "OBorderRadius": "6px",
                              "OBoxShadow": "0 1px 4px 0 rgba(0, 0, 0, 0.37)",
                              "OTransform": "translate(-6px, -1px)",
                              "WebkitBorderRadius": "6px",
                              "WebkitBoxShadow": "0 1px 4px 0 rgba(0, 0, 0, 0.37)",
                              "WebkitTransform": "translate(-6px, -1px)",
                              "backgroundColor": "rgb(248, 248, 248)",
                              "borderRadius": "6px",
                              "boxShadow": "0 1px 4px 0 rgba(0, 0, 0, 0.37)",
                              "height": "12px",
                              "msBorderRadius": "6px",
                              "msBoxShadow": "0 1px 4px 0 rgba(0, 0, 0, 0.37)",
                              "msTransform": "translate(-6px, -1px)",
                              "transform": "translate(-6px, -1px)",
                              "width": "12px",
                            }
                          }
                        />
                      </div>
                    </div>
                  </div>
                </div>
              </div>
            </div>
            <div
              className="flexbox-fix"
              style={
                Object {
                  "display": "flex",
                  "paddingTop": "16px",
                }
              }
            >
              <div
                className="flexbox-fix"
                style={
                  Object {
                    "MozBoxFlex": "1",
                    "WebkitBoxFlex": "1",
                    "WebkitFlex": "1",
                    "display": "flex",
                    "flex": "1",
                    "marginLeft": "-6px",
                    "msFlex": "1",
                  }
                }
              >
                <div
                  style={
                    Object {
                      "paddingLeft": "6px",
                      "width": "100%",
                    }
                  }
                >
                  <div
                    style={
                      Object {
                        "position": "relative",
                      }
                    }
                  >
                    <input
                      onBlur={[Function]}
                      onChange={[Function]}
                      onKeyDown={[Function]}
                      placeholder={undefined}
                      spellCheck="false"
                      style={
                        Object {
                          "MozBorderRadius": "2px",
                          "MozBoxShadow": "inset 0 0 0 1px #dadada",
                          "OBorderRadius": "2px",
                          "OBoxShadow": "inset 0 0 0 1px #dadada",
                          "WebkitBorderRadius": "2px",
                          "WebkitBoxShadow": "inset 0 0 0 1px #dadada",
                          "border": "none",
                          "borderRadius": "2px",
                          "boxShadow": "inset 0 0 0 1px #dadada",
                          "color": "#333",
                          "fontSize": "11px",
                          "height": "21px",
                          "msBorderRadius": "2px",
                          "msBoxShadow": "inset 0 0 0 1px #dadada",
                          "textAlign": "center",
                          "width": "100%",
                        }
                      }
                      value="#CCCCCC"
                    />
                    <span
                      onMouseDown={[Function]}
                      style={
                        Object {
                          "color": "#969696",
                          "display": "block",
                          "fontSize": "11px",
                          "lineHeight": "11px",
                          "marginTop": "12px",
                          "textAlign": "center",
                          "textTransform": "uppercase",
                        }
                      }
                    >
                      hex
                    </span>
                  </div>
                </div>
              </div>
              <div
                style={
                  Object {
                    "position": "relative",
                    "textAlign": "right",
                    "width": "32px",
                  }
                }
              >
                <div
                  onClick={[Function]}
                  style={
                    Object {
                      "cursor": "pointer",
                      "marginRight": "-4px",
                      "marginTop": "12px",
                      "position": "relative",
                    }
                  }
                >
                  <svg
                    onMouseEnter={[Function]}
                    onMouseOut={[Function]}
                    onMouseOver={[Function]}
                    style={
                      Object {
                        "MozBorderRadius": "5px",
                        "OBorderRadius": "5px",
                        "WebkitBorderRadius": "5px",
                        "border": "1px transparent solid",
                        "borderRadius": "5px",
                        "height": "24px",
                        "msBorderRadius": "5px",
                        "width": "24px",
                      }
                    }
                    viewBox="0 0 24 24"
                  >
                    <path
                      d="M12,5.83L15.17,9L16.58,7.59L12,3L7.41,7.59L8.83,9L12,5.83Z"
                      fill="#333"
                    />
                    <path
                      d="M12,18.17L8.83,15L7.42,16.41L12,21L16.59,16.41L15.17,15Z"
                      fill="#333"
                    />
                  </svg>
                </div>
              </div>
            </div>
          </div>
        </div>
      </div>
    </div>
  </div>
</div>
`;
