// Jest Snapshot v1, https://goo.gl/fbAQLP

exports[`maps dispatch to props 1`] = `
Object {
  "onAction": [Function],
}
`;

exports[`maps state to props 1`] = `
<div>
  "Quiz screen missing or loading..."
</div>
`;

exports[`renders 1`] = `
<div
  className="MuiGrid-container-1 MuiGrid-spacing-xs-16-24"
>
  <div
    className="MuiGrid-item-2 MuiGrid-grid-xs-12-41"
  >
    <header
      className="MuiPaper-root-107 MuiPaper-elevation4-113 MuiAppBar-root-98 MuiAppBar-positionStatic-102 MuiAppBar-colorDefault-104"
    >
      <div
        className="MuiToolbar-root-134 MuiToolbar-regular-136 MuiToolbar-gutters-135"
      >
        <h2
          className="MuiTypography-root-138 MuiTypography-title-144 MuiTypography-colorInherit-158"
        >
          Titel for Quiz
        </h2>
      </div>
    </header>
  </div>
</div>
`;

exports[`renders page 1`] = `
<div
  className="MuiGrid-container-1 MuiGrid-spacing-xs-16-24"
>
  <div
    className="MuiGrid-item-2 MuiGrid-grid-xs-12-41"
  >
    <header
      className="MuiPaper-root-107 MuiPaper-elevation4-113 MuiAppBar-root-98 MuiAppBar-positionStatic-102 MuiAppBar-colorDefault-104"
    >
      <div
        className="MuiToolbar-root-134 MuiToolbar-regular-136 MuiToolbar-gutters-135"
      >
        <h2
          className="MuiTypography-root-138 MuiTypography-title-144 MuiTypography-colorInherit-158"
        >
          Titel for Quiz
        </h2>
      </div>
    </header>
  </div>
  <div
    className="MuiGrid-item-2 MuiGrid-grid-xs-12-41"
  >
    hello
  </div>
  <div
    className="MuiGrid-item-2 MuiGrid-grid-xs-12-41"
  >
    <div
      className="MuiGrid-container-1 MuiGrid-spacing-xs-16-24"
    >
      <div
        className="MuiGrid-item-2 MuiGrid-grid-xs-6-35"
      >
        <button
          className="MuiButtonBase-root-190 MuiButton-root-164 MuiButton-contained-175 MuiButton-raised-178 MuiButton-fullWidth-189"
          disabled={false}
          onBlur={[Function]}
          onClick={[Function]}
          onFocus={[Function]}
          onKeyDown={[Function]}
          onKeyUp={[Function]}
          onMouseDown={[Function]}
          onMouseLeave={[Function]}
          onMouseUp={[Function]}
          onTouchEnd={[Function]}
          onTouchMove={[Function]}
          onTouchStart={[Function]}
          tabIndex="0"
          type="button"
        >
          <span
            className="MuiButton-label-165"
          >
            but
          </span>
          <span
            className="MuiTouchRipple-root-193"
          />
        </button>
      </div>
    </div>
  </div>
  <div
    className="MuiGrid-item-2 MuiGrid-grid-xs-12-41"
  >
    <img
      alt=""
      className={undefined}
      src="some://url"
    />
  </div>
</div>
`;
